// Vitest Snapshot v1, https://vitest.dev/guide/snapshot.html

exports[`Snapshot > snapshot 1`] = `
<DocumentFragment>
  <div
    class="app"
  >
    <div
      class="info-bg-container"
    >
      <div
        class="info-home-btn"
      >
        <a
          href="/"
        >
          <button>
            Home
          </button>
        </a>
      </div>
      <div
        class="info-pokemon-card"
      >
        <div
          class="pokemon-name-id"
        >
          <h1>
            Bulbasaur
          </h1>
          <h4
            class="pokemon-text"
          >
            #001
          </h4>
        </div>
        <div
          class="info-pokemon-img"
        >
          <img
            alt="bulbasaur"
            class="info-pokemon-sprite"
            src="#"
          />
        </div>
        <div
          class="info-pokemon-data"
        >
          <div
            class="info-type-list"
          >
            <span
              class="info-type-badge"
              style="background-color: rgb(122, 199, 76);"
            >
              Grass
            </span>
            <span
              class="info-type-badge"
              style="background-color: rgb(163, 62, 161);"
            >
              Poison
            </span>
          </div>
          <div
            class="pokemon-genus"
          >
            Seed Pokémon
          </div>
        </div>
      </div>
      <div>
        <button
          class="prev-btn"
          disabled=""
        >
          Prev
        </button>
        <button
          class="next-btn"
        >
          Next
        </button>
      </div>
      <div
        class="pokemon-description"
      >
        <h5
          class="pokemon-text info-text"
        >
          Description
        </h5>
        <p>
          Bulbasaur can be seen napping in bright sunlight.
There is a seed on its back. By soaking up the sun’s
rays, the seed grows progressively larger.
        </p>
      </div>
      <div
        class="pokemon-dimensions"
      >
        <div
          class="pokemon-height"
        >
          <h5>
            Height
          </h5>
          <span>
            NaNm
          </span>
        </div>
        <div
          class="pokemon-weight"
        >
          <h5>
            Weight
          </h5>
          <span>
            NaNkg
          </span>
        </div>
      </div>
      <div
        class="pokemon-stats"
      >
        <h5
          class="pokemon-text info-text"
        >
          Stats
        </h5>
        <div
          class="parameter-container"
        >
          <div
            class="parameter-section"
          >
            <h5
              class="info-text"
            >
              hp
            </h5>
            <div
              class="statbar-container"
            >
              <div
                class="statbar-segment"
                style="background-color: rgb(255, 1, 0); width: 17.647058823529413%;"
              >
                <span>
                  45
                </span>
              </div>
            </div>
          </div>
          <div
            class="parameter-section"
          >
            <h5
              class="info-text"
            >
              attack
            </h5>
            <div
              class="statbar-container"
            >
              <div
                class="statbar-segment"
                style="background-color: rgb(240, 128, 48); width: 19.215686274509807%;"
              >
                <span>
                  49
                </span>
              </div>
            </div>
          </div>
        </div>
      </div>
    </div>
  </div>
</DocumentFragment>
`;
