// Vitest Snapshot v1, https://vitest.dev/guide/snapshot.html

exports[`Snapshot App > snapshot of app 1`] = `
<DocumentFragment>
  <div
    class="app bg-container "
  >
    <h1>
      Not Found
    </h1>
  </div>
</DocumentFragment>
`;
